{
    "description": "Golden suite of benchmarks to run with Yosys.",
    "tool": "yosys",
    "yosys":
        {
            "yosys_path": "yosys/install/bin/yosys",
            "yosys_template_script": "scripts/synth/yosys/yosys_template_synth_rs_optional.ys",
            "verific": true,
            "synth_rs" :
                {
                    "-tech": "genesis",
                    "-goal": "area",
                    "-de": true,
                    "-no_dsp": true,
                    "-no_bram": true,
                    "-verilog" : "synthesized.v"
                }
        },
    "num_process": 8,
    "timeout": 21600,
    "benchmarks": [
        {
            "name": "multiplier_8bit",
            "rtl_path": "RTL_Benchmark/Verilog/ql_design/multiplier_8bit/rtl",
            "top_module": "multiplier_8bit"
        },
        {
            "name": "io_reg",
            "rtl_path": "RTL_Benchmark/Verilog/ql_design/io_reg/rtl",
            "top_module": "io_reg"
        }
    ]
}
