{
    "description": "Golden suite of benchmarks to run with Yosys.",
    "tool": "yosys",
    "yosys":
        {
            "yosys_path": "yosys/install/bin/yosys",
            "yosys_template_script": "scripts/synth/yosys/yosys_template_synth_rs_optional.ys",
            "verific": true,
            "synth_rs" :
                {
                    "-tech": "genesis",
                    "-goal": "mixed",
                    "-de": true,
                    "-no_dsp": true,
                    "-no_bram": true,
                    "-verilog" : "synthesized.v"
                }
        },
    "num_process": 8,
    "timeout": 21600,
    "benchmarks": [
        {
            "name": "wb_conmax_wrapper",
            "rtl_path": "RTL_Benchmark/Verilog/iwls2005_designs/wb_conmax/rtl/wrapper_rtl",
            "top_module": "wb_conmax_top"
        },
        {
            "name": "des_ao",
            "rtl_path": "RTL_Benchmark/Verilog/iwls2005_designs/des/rtl/verilog/area_opt",
            "top_module": "des_top"
        },
        {
            "name": "ata_ocidec-1",
            "rtl_path": "RTL_Benchmark/Verilog/OpenCores_designs/ata_ocidec-1/rtl",
            "top_module": "atahost_top"
        },
        {
            "name": "ata_ocidec-2",
            "rtl_path": "RTL_Benchmark/Verilog/OpenCores_designs/ata_ocidec-2",
            "top_module": "atahost_top"
        },
        {
            "name": "clock_tree_design",
            "rtl_path": "RTL_Benchmark/Verilog/ql_design/clock_tree_design/rtl",
            "top_module": "clock_tree_design"
        },
        {
            "name": "counter_4clk",
            "rtl_path": "RTL_Benchmark/Verilog/ql_design/counter_4clk/rtl",
            "top_module": "top"
        },
        {
            "name": "des_perf",
            "rtl_path": "RTL_Benchmark/Verilog/ql_design/des_perf/rtl",
            "top_module": "des_perf"
        },
        {
            "name": "io_reg",
            "rtl_path": "RTL_Benchmark/Verilog/ql_design/io_reg/rtl",
            "top_module": "io_reg"
        },
        {
            "name": "wrapper_io_reg_max",
            "rtl_path": "RTL_Benchmark/Verilog/ql_design/io_reg_max/wrapper_rtl",
            "top_module": "wrapper_io_reg_max"
        },
        {
            "name": "wrapper_io_tc1",
            "rtl_path": "RTL_Benchmark/Verilog/ql_design/io_tc1/wrapper_rtl",
            "top_module": "wrapper_io_tc1"
        },
        {
            "name": "lut4_8ffs",
            "rtl_path": "RTL_Benchmark/Verilog/ql_design/lut4_8ffs/rtl",
            "top_module": "lut4_8ffs"
        },
        {
            "name": "routing_test",
            "rtl_path": "RTL_Benchmark/Verilog/ql_design/routing_test/rtl",
            "top_module": "routing_test"
        },
        {
            "name": "serv_core",
            "rtl_path": "RTL_Benchmark/Verilog/Cores/SERV/rtl",
            "top_module": "serv_synth_wrapper"
        },
        {
            "name": "8bit_vedic_multiplier",
            "rtl_path": "RTL_Benchmark/Verilog/OpenCores_designs/8bit_vedic_multiplier/rtl",
            "top_module": "vedic8x8"
        },
        {
            "name": "configurable_crc_core",
            "rtl_path": "RTL_Benchmark/Verilog/OpenCores_designs/configurable_crc_core/rtl",
            "top_module": "cfg_crc"
        },
        {
            "name": "crcahb",
            "rtl_path": "RTL_Benchmark/Verilog/OpenCores_designs/crcahb/rtl/rtl",
            "top_module": "crc_ip"
        },
        {
            "name": "fast_log",
            "rtl_path": "RTL_Benchmark/Verilog/OpenCores_designs/fast_log/rtl",
            "top_module": "Log2highacc"
        },
        {
            "name": "mod3_calc",
            "rtl_path": "RTL_Benchmark/Verilog/OpenCores_designs/mod3_calc/rtl/rtl",
            "top_module": "mod3"
        },
        {
            "name": "b01",
            "rtl_path": "RTL_Benchmark/VHDL/itc99-poli/itc99/b01/rtl",
            "top_module": "b01"
        },
        {
            "name": "b02",
            "rtl_path": "RTL_Benchmark/VHDL/itc99-poli/itc99/b02/rtl",
            "top_module": "b02"
        },
        {
            "name": "b03",
            "rtl_path": "RTL_Benchmark/VHDL/itc99-poli/itc99/b03/rtl",
            "top_module": "b03"
        },
        {
            "name": "b04",
            "rtl_path": "RTL_Benchmark/VHDL/itc99-poli/itc99/b04/rtl",
            "top_module": "b04"
        },
        {
            "name": "b05",
            "rtl_path": "RTL_Benchmark/VHDL/itc99-poli/itc99/b05/rtl",
            "top_module": "b05"
        },
        {
            "name": "b06",
            "rtl_path": "RTL_Benchmark/VHDL/itc99-poli/itc99/b06/rtl",
            "top_module": "b06"
        },
        {
            "name": "b08",
            "rtl_path": "RTL_Benchmark/VHDL/itc99-poli/itc99/b08/rtl",
            "top_module": "b08"
        },
        {
            "name": "b09",
            "rtl_path": "RTL_Benchmark/VHDL/itc99-poli/itc99/b09/rtl",
            "top_module": "b09"
        },
        {
            "name": "b10",
            "rtl_path": "RTL_Benchmark/VHDL/itc99-poli/itc99/b10/rtl",
            "top_module": "b10"
        },
        {
            "name": "b11",
            "rtl_path": "RTL_Benchmark/VHDL/itc99-poli/itc99/b11/rtl",
            "top_module": "b11"
        },
        {
            "name": "b12",
            "rtl_path": "RTL_Benchmark/VHDL/itc99-poli/itc99/b12/rtl",
            "top_module": "b12"
        },
        {
            "name": "b13",
            "rtl_path": "RTL_Benchmark/VHDL/itc99-poli/itc99/b13/rtl",
            "top_module": "b13"
        },
        {
            "name": "b14",
            "rtl_path": "RTL_Benchmark/VHDL/itc99-poli/itc99/b14/rtl",
            "top_module": "b14"
        },
        {
            "name": "b15",
            "rtl_path": "RTL_Benchmark/VHDL/itc99-poli/itc99/b15/rtl",
            "top_module": "b15"
        },
        {
            "name": "b17",
            "rtl_path": "RTL_Benchmark/VHDL/itc99-poli/itc99/b17/rtl",
            "top_module": "b17"
        },
        {
            "name": "b20",
            "rtl_path": "RTL_Benchmark/VHDL/itc99-poli/i99t/b20/rtl",
            "top_module": "b20"
        },
        {
            "name": "b21",
            "rtl_path": "RTL_Benchmark/VHDL/itc99-poli/i99t/b21/rtl",
            "top_module": "b21"
        },
        {
            "name": "b22",
            "rtl_path": "RTL_Benchmark/VHDL/itc99-poli/i99t/b22/rtl",
            "top_module": "b22"
        },
        {
            "name": "wrapper_io_reg_tc1",
            "rtl_path": "RTL_Benchmark/Verilog/ql_design/io_reg_tc1/wrapper_rtl",
            "top_module": "wrapper_io_reg_tc1"
        },
        {
            "name": "arbiter",
            "rtl_path": "RTL_Benchmark/Verilog/EPFL/arbiter/rtl",
            "top_module": "top"
        },
        {
            "name": "bar",
            "rtl_path": "RTL_Benchmark/Verilog/EPFL/bar/rtl",
            "top_module": "top"
        },
        {
            "name": "i2c",
            "rtl_path": "RTL_Benchmark/Verilog/EPFL/i2c/rtl",
            "top_module": "i2c"
        },
        {
            "name": "max",
            "rtl_path": "RTL_Benchmark/Verilog/EPFL/max/rtl",
            "top_module": "top"
        },
        {
            "name": "mem_ctl",
            "rtl_path": "RTL_Benchmark/Verilog/EPFL/mem_ctrl/rtl",
            "top_module": "top"
        },
        {
            "name": "multiplier",
            "rtl_path": "RTL_Benchmark/Verilog/EPFL/multiplier/rtl",
            "top_module": "top"
        },
        {
            "name": "alu4",
            "rtl_path": "RTL_Benchmark/Verilog/Gate_Level_Netlist/alu4/rtl",
            "top_module": "alu4"
        },
        {
            "name": "apex2",
            "rtl_path": "RTL_Benchmark/Verilog/Gate_Level_Netlist/apex2/rtl",
            "top_module": "apex2"
        },
        {
            "name": "apex4",
            "rtl_path": "RTL_Benchmark/Verilog/Gate_Level_Netlist/apex4/rtl",
            "top_module": "apex4"
        },
        {
            "name": "bigkey",
            "rtl_path": "RTL_Benchmark/Verilog/Gate_Level_Netlist/bigkey/rtl",
            "top_module": "bigkey"
        },
        {
            "name": "clma",
            "rtl_path": "RTL_Benchmark/Verilog/Gate_Level_Netlist/clma/rtl",
            "top_module": "clma"
        },
        {
            "name": "des_gate_level",
            "rtl_path": "RTL_Benchmark/Verilog/Gate_Level_Netlist/des/rtl",
            "top_module": "des"
        },
        {
            "name": "dsip",
            "rtl_path": "RTL_Benchmark/Verilog/Gate_Level_Netlist/dsip/rtl",
            "top_module": "dsip"
        },
        {
            "name": "ex1010",
            "rtl_path": "RTL_Benchmark/Verilog/Gate_Level_Netlist/ex1010/rtl",
            "top_module": "ex1010"
        },
        {
            "name": "frisc",
            "rtl_path": "RTL_Benchmark/Verilog/Gate_Level_Netlist/frisc/rtl",
            "top_module": "frisc"
        },
        {
            "name": "misex3",
            "rtl_path": "RTL_Benchmark/Verilog/Gate_Level_Netlist/misex3/rtl",
            "top_module": "misex3"
        },
        {
            "name": "pdc",
            "rtl_path": "RTL_Benchmark/Verilog/Gate_Level_Netlist/pdc/rtl",
            "top_module": "pdc"
        },
        {
            "name": "seq",
            "rtl_path": "RTL_Benchmark/Verilog/Gate_Level_Netlist/seq/rtl",
            "top_module": "seq"
        },
        {
            "name": "spla",
            "rtl_path": "RTL_Benchmark/Verilog/Gate_Level_Netlist/spla/rtl",
            "top_module": "spla"
        },
        {
            "name": "tseng",
            "rtl_path": "RTL_Benchmark/Verilog/Gate_Level_Netlist/tseng/rtl",
            "top_module": "tseng"
        },
        {
            "name": "wrapper_multi_enc_decx2x4",
            "rtl_path": "RTL_Benchmark/Verilog/ql_design/multi_enc_decx2x4/wrapper_rtl",
            "top_module": "wrapper_multi_enc_decx2x4"
        },
        {
            "name": "wrapper_KeyExpantion",
            "rtl_path": "RTL_Benchmark/Verilog/ql_design/KeyExpantion/wrapper_rtl",
            "top_module": "wrapper_KeyExpantion"
        },
        {
            "name": "systemCdes",
            "rtl_path": "RTL_Benchmark/Verilog/iwls2005_designs/systemCdes/rtl/verilog",
            "top_module": "des_top"
        },
        {
            "name": "bram",
            "rtl_path": "RTL_Benchmark/Verilog/ql_design/bram/rtl",
            "top_module": "BRAM"
        },
        {
            "name": "conv2d",
            "rtl_path": "RTL_Benchmark/Verilog/ql_design/conv2d/rtl",
            "top_module": "conv2d"
        },
        {
            "name": "conv2d_no_ksa",
            "rtl_path": "RTL_Benchmark/Verilog/ql_design/conv2d_no_ksa/rtl",
            "top_module": "conv2d"
        },
        {
            "name": "ycrcb2rgb",
            "rtl_path": "RTL_Benchmark/Verilog/ql_design/ycrcb2rgb/rtl",
            "top_module": "top"
        },
        {
            "name": "i2c_master",
            "rtl_path": "RTL_Benchmark/Verilog/iwls2005_designs/i2c_master/rtl",
            "top_module": "i2c_master"
        },
        {
            "name": "cf_rca_16",
            "rtl_path": "RTL_Benchmark/Verilog/ql_design/cf_rca_16/rtl",
            "top_module": "top"
        },
        {
            "name": "spi_master_top",
            "rtl_path": "RTL_Benchmark/Verilog/ql_design/spi_master_top/rtl",
            "top_module": "spi_master_top"
        },
        {
            "name": "osc_alu",
            "rtl_path": "RTL_Benchmark/Verilog/ql_design/osc_alu/rtl",
            "top_module": "top"
        },
        {
            "name": "rgb2ycrcb",
            "rtl_path": "RTL_Benchmark/Verilog/ql_design/rgb2ycrcb/rtl",
            "top_module": "top"
        },
        {
            "name": "IR_Remote",
            "rtl_path": "RTL_Benchmark/Verilog/ql_design/IR_Remote/rtl",
            "top_module": "top"
        },
        {
            "name": "full_adder",
            "rtl_path": "RTL_Benchmark/Verilog/ql_design/full_adder/rtl",
            "top_module": "full_adder"
        },
        {
            "name": "adder",
            "rtl_path": "RTL_Benchmark/Verilog/EPFL/adder/rtl",
            "top_module": "top"
        },
        {
            "name": "adder_64",
            "rtl_path": "RTL_Benchmark/Verilog/ql_design/adder_64",
            "top_module": "adder_64"
        },
        {
            "name": "adder_128",
            "rtl_path": "RTL_Benchmark/Verilog/ql_design/adder_128",
            "top_module": "adder_128"
        },
        {
            "name": "wrapper_adder_columns",
            "rtl_path": "RTL_Benchmark/Verilog/ql_design/adder_columns/wrapper_rtl",
            "top_module": "wrapper_adder_columns"
        },
        {
            "name": "wrapper_adder_max",
            "rtl_path": "RTL_Benchmark/Verilog/ql_design/adder_max/wrapper_rtl",
            "top_module": "wrapper_adder_max"
        },
        {
            "name": "multiplier_8bit",
            "rtl_path": "RTL_Benchmark/Verilog/ql_design/multiplier_8bit/rtl",
            "top_module": "multiplier_8bit"
        },
        {
            "name": "spi",
            "rtl_path": "RTL_Benchmark/Verilog/iwls2005_designs/spi/rtl",
            "top_module": "spi_top"
        },
        {
            "name": "usbf_top",
            "rtl_path": "RTL_Benchmark/Verilog/iwls2005_designs/usbf",
            "top_module": "usbf_top"
        },
        {
            "name": "bin2seven",
            "rtl_path": "RTL_Benchmark/Verilog/ql_design/bin2seven/rtl",
            "top_module": "top"
        },
        {
            "name": "wrapper_dma",
            "rtl_path": "RTL_Benchmark/Verilog/iwls2005_designs/dma/wrapper_rtl",
            "top_module": "wrapper_dma"
        },
        {
            "name": "wrapper_io_max",
            "rtl_path": "RTL_Benchmark/Verilog/ql_design/io_max/wrapper_rtl",
            "top_module": "wrapper_io_max"
        },
        {
            "name": "s38417",
            "rtl_path": "RTL_Benchmark/Verilog/Gate_Level_Netlist/s38417/rtl",
            "top_module": "s38417"
        },
        {
            "name": "wb_dma_wrapper",
            "rtl_path": "RTL_Benchmark/Verilog/iwls2005_designs/wb_dma/rtl/wrapper_rtl",
            "top_module": "dma_wrapper_top"
        },
        {
            "name": "log2",
            "rtl_path": "RTL_Benchmark/Verilog/EPFL/log2/rtl",
            "top_module": "top"
        },
        {
            "name": "s38584",
            "rtl_path": "RTL_Benchmark/Verilog/iwls2005_designs/s38584/rtl",
            "top_module": "s38584"
        },
        {
            "name": "unsigned_mult_50",
            "rtl_path": "RTL_Benchmark/Verilog/ql_design/unsigned_mult_50/rtl",
            "top_module": "top"
        },
        {
            "name": "unsigned_mult_80",
            "rtl_path": "RTL_Benchmark/Verilog/OpenCores_designs/unsigned_mult_80/rtl",
            "top_module": "unsigned_mult_80"
        },
        {
            "name": "cavlc",
            "rtl_path": "RTL_Benchmark/Verilog/OpenCores_designs/cavlc/rtl",
            "top_module": "cavlc"
        },
        {
            "name": "mac_16",
            "rtl_path": "RTL_Benchmark/Verilog/ql_design/mac_16/rtl",
            "top_module": "mac_16"
        },
        {
            "name": "smithwaterman",
            "rtl_path": "RTL_Benchmark/Verilog/ql_design/smithwaterman/rtl",
            "top_module": "smithwaterman"
        },
        {
            "name": "tlul",
            "rtl_path": "RTL_Benchmark/SVerilog/opentitan/ip/tlul/rtl",
            "top_module": "tlul_socket_1n"
        },
        {
            "name": "trial1",
            "rtl_path": "RTL_Benchmark/SVerilog/opentitan/ip/trial1/rtl",
            "top_module": "trial1_reg_top"
        },
        {
            "name": "adc_ctrl",
            "rtl_path": "RTL_Benchmark/SVerilog/opentitan/ip/adc_ctrl/rtl",
            "top_module": "adc_ctrl"
        },
        {
            "name": "aes",
            "rtl_path": "RTL_Benchmark/SVerilog/opentitan/ip/aes/rtl",
            "top_module": "aes"
        },
        {
            "name": "aon_timer",
            "rtl_path": "RTL_Benchmark/SVerilog/opentitan/ip/aon_timer/rtl",
            "top_module": "aon_timer"
        },
        {
            "name": "clkmgr",
            "rtl_path": "RTL_Benchmark/SVerilog/opentitan/ip/clkmgr/rtl",
            "top_module": "clkmgr"
        },
        {
            "name": "csrng",
            "rtl_path": "RTL_Benchmark/SVerilog/opentitan/ip/csrng/rtl",
            "top_module": "csrng"
        },
        {
            "name": "ast",
            "rtl_path": "RTL_Benchmark/SVerilog/top_earlgrey/ast/rtl",
            "top_module": "ast"
        },
        {
            "name": "edn",
            "rtl_path": "RTL_Benchmark/SVerilog/opentitan/ip/edn/rtl",
            "top_module": "edn"
        },
        {
            "name": "entropy_src",
            "rtl_path": "RTL_Benchmark/SVerilog/opentitan/ip/entropy_src/rtl",
            "top_module": "entropy_src"
        },
        {
            "name": "gpio",
            "rtl_path": "RTL_Benchmark/SVerilog/opentitan/ip/gpio/rtl",
            "top_module": "gpio"
        },
        {
            "name": "hmac",
            "rtl_path": "RTL_Benchmark/SVerilog/opentitan/ip/hmac/rtl",
            "top_module": "hmac"
        },
        {
            "name": "i2c_opentitan",
            "rtl_path": "RTL_Benchmark/SVerilog/opentitan/ip/i2c/rtl",
            "top_module": "i2c"
        },
        {
            "name": "keymgr",
            "rtl_path": "RTL_Benchmark/SVerilog/opentitan/ip/keymgr/rtl",
            "top_module": "keymgr"
        },
        {
            "name": "kmac",
            "rtl_path": "RTL_Benchmark/SVerilog/opentitan/ip/kmac/rtl",
            "top_module": "kmac"
        },
        {
            "name": "pattgen",
            "rtl_path": "RTL_Benchmark/SVerilog/opentitan/ip/pattgen/rtl",
            "top_module": "pattgen"
        },
        {
            "name": "pinmux",
            "rtl_path": "RTL_Benchmark/SVerilog/opentitan/ip/pinmux/rtl",
            "top_module": "pinmux"
        },
        {
            "name": "prim_xilinx",
            "rtl_path": "RTL_Benchmark/SVerilog/opentitan/ip/prim_xilinx/rtl",
            "top_module": "prim_xilinx_pad_wrapper"
        },
        {
            "name": "pwm",
            "rtl_path": "RTL_Benchmark/SVerilog/opentitan/ip/pwm/rtl",
            "top_module": "pwm"
        },
        {
            "name": "rstmgr",
            "rtl_path": "RTL_Benchmark/SVerilog/opentitan/ip/rstmgr/rtl",
            "top_module": "rstmgr"
        },
        {
            "name": "rv_timer",
            "rtl_path": "RTL_Benchmark/SVerilog/opentitan/ip/rv_timer/rtl",
            "top_module": "rv_timer"
        },
        {
            "name": "spi_device",
            "rtl_path": "RTL_Benchmark/SVerilog/opentitan/ip/spi_device/rtl",
            "top_module": "spi_fwmode"
        },
        {
            "name": "spi_host",
            "rtl_path": "RTL_Benchmark/SVerilog/opentitan/ip/spi_host/rtl",
            "top_module": "spi_host"
        },
        {
            "name": "sysrst_ctrl",
            "rtl_path": "RTL_Benchmark/SVerilog/opentitan/ip/sysrst_ctrl/rtl",
            "top_module": "sysrst_ctrl_combo"
        },
        {
            "name": "uart",
            "rtl_path": "RTL_Benchmark/SVerilog/opentitan/ip/uart/rtl",
            "top_module": "uart"
        },
        {
            "name": "usb_fs_nb_pe",
            "rtl_path": "RTL_Benchmark/SVerilog/opentitan/ip/usb_fs_nb_pe/rtl",
            "top_module": "usb_fs_nb_pe"
        },
        {
            "name": "usbuart",
            "rtl_path": "RTL_Benchmark/SVerilog/opentitan/ip/usbuart/rtl",
            "top_module": "usbuart"
        },
        {
            "name": "sensor_ctrl",
            "rtl_path": "RTL_Benchmark/SVerilog/top_earlgrey/sensor_ctrl/rtl",
            "top_module": "sensor_ctrl"
        },
        {
            "name": "xbar_main",
            "rtl_path": "RTL_Benchmark/SVerilog/top_earlgrey/xbar_main/rtl",
            "top_module": "xbar_main"
        },
        {
            "name": "xbar_peri",
            "rtl_path": "RTL_Benchmark/SVerilog/top_earlgrey/xbar_peri/rtl",
            "top_module": "xbar_peri"
        },
        {
            "name": "3des_vhdl",
            "rtl_path": "RTL_Benchmark/VHDL/Cores/crypto_core/3des_vhdl/rtl/VHDL",
            "top_module": "tdes_top"
        },
        {
            "name": "aes_crypro_core",
            "rtl_path": "RTL_Benchmark/VHDL/Cores/crypto_core/aes_crypto_core/rtl/src",
            "top_module": "aes128_fast"
        },
        {
            "name": "threeasc_aes_c_1",
            "rtl_path": "RTL_Benchmark/VHDL/Cores/crypto_core/threeaesc/rtl/aes_c_1/src",
            "top_module": "aes_fsm_enc"
        },
        {
            "name": "threeasc_aes_c_2",
            "rtl_path": "RTL_Benchmark/VHDL/Cores/crypto_core/threeaesc/rtl/aes_c_2/src",
            "top_module": "aes_fsm_enc"
        },
        {
            "name": "threeasc_aes_c_3",
            "rtl_path": "RTL_Benchmark/VHDL/Cores/crypto_core/threeaesc/rtl/aes_c_3/src",
            "top_module": "aes_fsm_enc"
        },
        {
            "name": "threeasc_key_schedule",
            "rtl_path": "RTL_Benchmark/VHDL/Cores/crypto_core/threeaesc/rtl/key_schedule/src",
            "top_module": "key_schedule"
        },
        {
            "name": "aes-128-ecb-encoder",
            "rtl_path": "RTL_Benchmark/SVerilog/Cores/crypto_core/aes-128-ecb-encoder/trunk/src",
            "top_module": "aes128_enc"
        },
        {
            "name": "btc_dsha256_Sync_fifo_fwft_infer",
            "rtl_path": "RTL_Benchmark/VHDL/Cores/crypto_core/btc_dsha256/rtl/vhdl/sha256core/sync_fifo_fwft_infer",
            "top_module": "sync_fifo_fwft_infer"
        },
        {
            "name": "cryptosorter_aes_core_rcon",
            "rtl_path": "RTL_Benchmark/other/cryptosorter/trunk/memocodeDesignContest2008/aesCore/verilog/rtl/verilog/aes_rcon",
            "top_module": "aes_rcon"
        },
        {
            "name": "camellia-vhdl_looping",
            "rtl_path": "RTL_Benchmark/VHDL/Cores/crypto_core/camellia-vhdl/rtl/looping",
            "top_module": "CAMELLIA_IF"
        },
        {
            "name": "des",
            "rtl_path": "RTL_Benchmark/Verilog/Cores/crypto_core/des/trunk/rtl/verilog",
            "top_module": "des3"
        },
        {
            "name": "gost28147-89_gost89_ecb",
            "rtl_path": "RTL_Benchmark/Verilog/Cores/crypto_core/gost28147-89/rtl/gost89_ecb",
            "top_module": "gost89_ecb"
        },
        {
            "name": "gost28147-89_pipelined_ecb_decrypt",
            "rtl_path": "RTL_Benchmark/Verilog/Cores/crypto_core/gost28147-89/rtl/gost89_pipelined_ecb_decrypt",
            "top_module": "gost89_pipelined_ecb_decrypt"
        },
        {
            "name": "gost28147-89_pipelined_ecb_encrypt",
            "rtl_path": "RTL_Benchmark/Verilog/Cores/crypto_core/gost28147-89/rtl/gost89_pipelined_ecb_encrypt",
            "top_module": "gost89_pipelined_ecb_encrypt"
        },
        {
            "name": "gost28147-89_cfb",
            "rtl_path": "RTL_Benchmark/Verilog/Cores/crypto_core/gost28147-89/rtl/gost89_cfb",
            "top_module": "gost89_cfb"
        },
        {
            "name": "gost28147-89_cfb_decrypt",
            "rtl_path": "RTL_Benchmark/Verilog/Cores/crypto_core/gost28147-89/rtl/gost89_cfb_decrypt",
            "top_module": "gost89_cfb_decrypt"
        },
        {
            "name": "gost28147-89_cfb_encrypt",
            "rtl_path": "RTL_Benchmark/Verilog/Cores/crypto_core/gost28147-89/rtl/gost89_cfb_encrypt",
            "top_module": "gost89_cfb_encrypt"
        },
        {
            "name": "gost28147-89_mac",
            "rtl_path": "RTL_Benchmark/Verilog/Cores/crypto_core/gost28147-89/rtl/gost89_mac",
            "top_module": "gost89_mac"
        },
        {
            "name": "noekeoncore",
            "rtl_path": "RTL_Benchmark/VHDL/Cores/crypto_core/noekeoncore/trunk/rtl",
            "top_module": "noekeon"
        },
        {
            "name": "nfcc",
            "rtl_path": "RTL_Benchmark/VHDL/Cores/crypto_core/nfcc/trunk/kasumi",
            "top_module": "kasumi"
        },
        {
            "name": "present",
            "rtl_path": "RTL_Benchmark/VHDL/Cores/crypto_core/present/trunk/Pure/rtl/vhdl",
            "top_module": "PresentEnc"
        },
        {
            "name": "present_encryptor",
            "rtl_path": "RTL_Benchmark/Verilog/Cores/crypto_core/present_encryptor/trunk/rtl/verilog",
            "top_module": "present_encryptor_top"
        },
        {
            "name": "rc4-prbs",
            "rtl_path": "RTL_Benchmark/Verilog/Cores/crypto_core/rc4-prbs/trunk",
            "top_module": "rc4"
        },
        {
            "name": "rtea",
            "rtl_path": "RTL_Benchmark/VHDL/Cores/crypto_core/rtea/trunk/rtl",
            "top_module": "rtea"
        },
        {
            "name": "salsa20",
            "rtl_path": "RTL_Benchmark/VHDL/Cores/crypto_core/salsa20/trunk/rtl",
            "top_module": "salsaa"
        },
        {
            "name": "securehash256bits",
            "rtl_path": "RTL_Benchmark/VHDL/Cores/crypto_core/sha256_hash_core/trunk/syn/sha256",
            "top_module": "gv_sha256"
        },
        {
            "name": "systemcdes",
            "rtl_path": "RTL_Benchmark/other/systemcdes/trunk/rtl/verilog",
            "top_module": "des_top"
        },
        {
            "name": "systemcmd5",
            "rtl_path": "RTL_Benchmark/other/systemcmd5/trunk/rtl/verilog",
            "top_module": "md5"
        },
        {
            "name": "tiny_encryption_algorithm_tea1",
            "rtl_path": "RTL_Benchmark/VHDL/Cores/crypto_core/tiny_encryption_algorithm/trunk/tea1",
            "top_module": "tea1"
        },
        {
            "name": "tiny_encryption_algorithm_tea64",
            "rtl_path": "RTL_Benchmark/VHDL/Cores/crypto_core/tiny_encryption_algorithm/trunk/tea64",
            "top_module": "tea64"
        },
        {
            "name": "XTEA_Core",
            "rtl_path": "RTL_Benchmark/VHDL/Cores/crypto_core/xteacore/trunk/rtl",
            "top_module": "xtea"
        },
        {
            "name": "xtea",
            "rtl_path": "RTL_Benchmark/Verilog/Cores/crypto_core/xtea/trunk",
            "top_module": "xtea"
        }
    ]
}
